// Jest Snapshot v1, https://goo.gl/fbAQLP

exports[`remarkQRCode() should return count of content 1`] = `
"\\\\#test

![qrcode](data:image/png;base64,iVBORw0KGgoAAAANSUhEUgAAAHQAAAB0CAYAAABUmhYnAAAAAklEQVR4AewaftIAAAKiSURBVO3BQW7sWAwEwSxC979yjpdcPUCQuu3PYUT8wRqjWKMUa5RijVKsUYo1SrFGKdYoxRqlWKMUa5RijVKsUYo1SrFGKdYoFw8l4ZtUTpJwonJHEr5J5YlijVKsUYo1ysXLVN6UhCdUTpLQqZyovCkJbyrWKMUapVijXHxYEu5QuSMJJ0k4UXkiCXeofFKxRinWKMUa5WIYlf+zYo1SrFGKNcrFcEnoVLokdCr/smKNUqxRijXKxYep/CVJ6FSeUPlLijVKsUYp1igXL0vCX6bSJaFTOUnCX1asUYo1SrFGiT/4hyXhROX/pFijFGuUYo1y8VASOpUuCW9S6VROknCicpKEN6l8UrFGKdYoxRrl4pepdEnoVE6ScKLSJaFLQqdyonJHEk6S0Kk8UaxRijVKsUa5+GNUuiS8SaVLwolKl4RO5USlS0Kn8qZijVKsUYo1ysVDKicqdyShU+mS0Kl0SeiScEcSOpU7kvCbijVKsUYp1igXDyXhDpUuCZ1Kl4Q3qXRJOEnCHSq/qVijFGuUYo1y8ZDKEyonKidJeJNKl4RO5Y4kdCpdEjqVJ4o1SrFGKdYo8QcPJOGbVE6ScIdKl4Q7VLokdCpdEjqVNxVrlGKNUqxRLl6m8qYknCShU+mS0KncodIloUvCSRI6lS4JncoTxRqlWKMUa5SLD0vCHSqflIRO5SQJncoTSehU3lSsUYo1SrFGuRgmCZ3KSRI6lZMkPKHyScUapVijFGuUi3WUhE7ljiR8U7FGKdYoxRrl4sNUPkmlS0KXhE7lDpU7kvCbijVKsUYp1igXL0vCNyXhROWbVE6S0Km8qVijFGuUYo0Sf7DGKNYoxRqlWKMUa5RijVKsUYo1SrFGKdYoxRqlWKMUa5RijVKsUYo1yn+xnfrs/7it5AAAAABJRU5ErkJggg==)
"
`;
